Government Financial Report 2024

Revenue: ,000,000
Expenditure: ,000
Net Profit: ,000

This is a sample financial report for testing the PDFCon system.
